Handrecherche 2026-08-27 — Lückenmarkierungen (stufe 2)
============================================================

Diese Einträge haben einen als stufe 2 markierten werdegang — entweder
weil die Quelle die vorherige Station nicht eindeutig nennt, oder weil
die Person zwar berufen wurde, aber die genaue Vorstation aus dem
öffentlich verfügbaren Material nicht ermittelbar war.

- Daniel Aletaha (2019, MedUni Wien)
    Forschungsbereich: Rheumatologie
    Quelle: https://www.meduniwien.ac.at/web/ueber-uns/news/detailseite/2019/news-im-juli-2019/daniel-aletaha-uebernimmt-professur-fuer-rheumatologie-an-der-meduni-wien/
    _kuratiert: Handrecherche 2026-08-27 aus MedUni-Wien-Presseaussendung 2019; explizite Vorstation in der Quelle nicht genannt, nur Hinweis auf bestehende Tätigkeit an der Abteilung

- Eva Compérat (2020, MedUni Wien)
    Forschungsbereich: Urologische Pathologie
    Quelle: https://www.meduniwien.ac.at/web/ueber-uns/news/detailseite/2020/news-im-september-2020/eva-comperat-uebernimmt-professur-fuer-urologische-pathologie/
    _kuratiert: Handrecherche 2026-08-27 aus MedUni-Wien-Presseaussendung 2020-09; explizite Vorstation in Quelle nicht eindeutig benannt, Lückenmarkierung — Vorab-Bekanntheit von Eva Compérat als führende Uropathologin in Paris/Sorbonne ist im Feld dokumentiert, aber in dieser spezifischen Presseaussendung nicht direkt belegt

- Yusak Susilo (2021, BOKU)
    Forschungsbereich: Digitalisierung und Automatisierung im Verkehrs- und Mobilitätssystem (BMK Stiftungsprofessur)
    Quelle: https://www.ots.at/presseaussendung/OTS_20211108_OTS0031
    _kuratiert: Handrecherche 2026-08-27 aus BOKU MadBOKU + OTS-Presseaussendung

- Georg Fuchsbauer (2020, TU Wien)
    Forschungsbereich: Associate Professor of Cryptography
    Quelle: https://www.tuwien.at/en/tu-wien/organisation/central-divisions/professorships-at-tu-wien/new-professors-since-2019/new-professors-by-alphabetical-order/f/associate-prof-docteur-georg-fuchsbauer
    _kuratiert: Handrecherche 2026-08-27 aus TU Wien New-Professors Detailseite

- Siegfried Krainer (2026, TU Wien)
    Forschungsbereich: University Professor of Integrated Quantum (Bio)Sensing
    Quelle: https://www.tuwien.at/en/tu-wien/organisation/central-divisions/professorships-at-tu-wien/new-professors-since-2019
    _kuratiert: Handrecherche 2026-08-27 aus TU Wien New-Professors Übersicht + Millstatt-Programm

- Ferenc Vincze (2021, Uni Wien)
    Forschungsbereich: Ungarische Literatur im europäischen Kontext
    Quelle: https://irokligaja.ro/tagok/vincze-ferenc/
    _kuratiert: Handrecherche 2026-08-27 aus ungarischer literarischer Datenbank

- Shaul Pollak Pasternak (2024, Uni Wien)
    Forschungsbereich: Complex Systems Science in Microbiome Research
    Quelle: https://dome.univie.ac.at/pollak-pasternak
    _kuratiert: Handrecherche 2026-08-27 aus Uni Wien DOME (Lückenmarkierung – keine ausreichende Quelle zur vorherigen Station)

- Tomasso Meozzi (2024, Uni Wien)
    Forschungsbereich: Italienische Literatur-, Kultur-, Medienwissenschaft
    Quelle: https://fabulari.podigee.io/episodes?page=2
    _kuratiert: Handrecherche 2026-08-27 aus Uni Wien Homepage + Fabulari Podcast (Lückenmarkierung – keine ausreichende Quelle zur vorherigen Station)

